// Jest Snapshot v1, https://goo.gl/fbAQLP

exports[`rendering should match layout structure 1`] = `
<div
  className="app-bar"
  data-test="top-navigation"
>
  <Inline
    alignItems="flexStart"
    scale="s"
  >
    <div
      className="logo"
    >
      <Link
        replace={false}
        to="/test-default-project-key"
      >
        <img
          alt="Logo"
          className="logo-img"
          src="test-file-stub"
        />
      </Link>
    </div>
    <div
      className="loader-container"
      id="loader-for-requests-in-flight"
    />
  </Inline>
  <div
    className="navigation"
  >
    <Inline
      alignItems="center"
      scale="m"
    >
      <div
        className="switchers"
      >
        <Inline
          alignItems="center"
          scale="s"
        >
          <div
            id="locale-switcher"
          />
          <TextDetail>
            <Link
              replace={false}
              to="/test-default-project-key"
            >
              <Inline
                alignItems="center"
                data-test="back-to-project"
                scale="s"
              >
                <AngleLeftIcon
                  size="small"
                  theme="green"
                />
                <FormattedMessage
                  defaultMessage="Back to project"
                  id="AppBar.backToProjectLink"
                  values={Object {}}
                />
              </Inline>
            </Link>
          </TextDetail>
        </Inline>
      </div>
      <div
        className="spacer"
      />
      <UserSettingsMenu
        email="john.snow@winter.com"
        firstName="John"
        gravatarHash="20c9c1b252b46ab49d6f7a4cee9c3e68"
        lastName="Snow"
        locale="en"
      />
    </Inline>
  </div>
</div>
`;
