// Jest Snapshot v1, https://goo.gl/fbAQLP

exports[`HelpDeskLink rendering should match snapshot 1`] = `
<a
  href="https://support.commercetools.com"
  target="_blank"
>
  <FormattedMessage
    defaultMessage="Help Desk"
    id="LoginLocked.helpDeskLink"
    values={Object {}}
  />
</a>
`;

exports[`LockedAccount rendering rendering should match snapshot 1`] = `
<ServicePageResponseLayout
  imageSrc="test-file-stub"
  paragraph1={
    <FormattedMessage
      defaultMessage="For security reasons, your account has been locked because there were too many invalid log in attempts. You can {resetPasswordLink} or contact the commercetools {helpDeskLink}"
      id="LoginLocked.paragraph1"
      values={
        Object {
          "helpDeskLink": <HelpDeskLink />,
          "resetPasswordLink": <ResetPasswordLink />,
        }
      }
    />
  }
  paragraph2={
    <TextDetail>
      2018 Â© commercetools
    </TextDetail>
  }
  title={
    <FormattedMessage
      defaultMessage="Account Locked"
      id="LoginLocked.title"
      values={Object {}}
    />
  }
/>
`;

exports[`ResetPasswordLink rendering rendering should match snapshot 1`] = `
<GetApplicationState
  render={[Function]}
/>
`;
