// Jest Snapshot v1, https://goo.gl/fbAQLP

exports[`rendering outputs correct tree 1`] = `
<div
  className="container"
>
  here
  <ServicePageResponseLayout
    imageSrc="test-file-stub"
    paragraph1={
      <FormattedMessage
        defaultMessage="The item you are looking for may have been deleted, does not exist, or the URL was entered incorrectly. Check the URL and try again.

Please contact your system administrator or the commercetools {link} if you have any further questions."
        id="PageNotFound.paragraph1"
        values={
          Object {
            "link": <Link />,
          }
        }
      />
    }
    title={
      <FormattedMessage
        defaultMessage="We could not find what you are looking for"
        id="PageNotFound.title"
        values={Object {}}
      />
    }
  />
</div>
`;
