// Jest Snapshot v1, https://goo.gl/fbAQLP

exports[`<RestrictedApplication> rendering project container <Route> should match layout structure 1`] = `
<Fragment>
  <withReconfiguration(ReconfigureAdapter)
    user={
      Object {
        "custom": Object {
          "project": "foo-1",
        },
      }
    }
  />
  <InjectIntl(ProjectContainer)
    environment={
      Object {
        "cdnUrl": "http://localhost:3001",
        "env": "development",
        "frontendHost": "localhost:3001",
        "location": "eu",
        "mcApiUrl": "https://mc-api.commercetools.com",
        "servedByProxy": false,
      }
    }
    location={
      Object {
        "pathname": "/test-project/products",
      }
    }
    match={
      Object {
        "params": Object {
          "projectKey": "foo-1",
        },
      }
    }
    render={[MockFunction]}
    user={
      Object {
        "defaultProjectKey": "foo-0",
        "email": "john.snow@got.com",
        "firstName": "John",
        "gravatarHash": "20c9c1b252b46ab49d6f7a4cee9c3e68",
        "id": "u1",
        "language": "en-US",
        "lastName": "Snow",
        "launchdarklyTrackingGroup": "ct",
        "launchdarklyTrackingId": "123",
        "launchdarklyTrackingTeam": Array [
          "abc",
          "def",
        ],
        "launchdarklyTrackingTenant": "xy",
        "projects": Object {
          "total": 0,
        },
      }
    }
  />
</Fragment>
`;

exports[`<UnrestrictedApplication> rendering should match layout structure 1`] = `
<Switch>
  <Route
    component={
      Object {
        "$$typeof": Symbol(react.lazy),
        "_ctor": [Function],
        "_result": null,
        "_status": -1,
      }
    }
    path="/login/sso/callback"
  />
  <Route
    component={
      Object {
        "$$typeof": Symbol(react.lazy),
        "_ctor": [Function],
        "_result": null,
        "_status": -1,
      }
    }
    path="/login/sso"
  />
  <Route
    component={
      Object {
        "$$typeof": Symbol(react.lazy),
        "_ctor": [Function],
        "_result": null,
        "_status": -1,
      }
    }
    path="/login/locked"
  />
  <Route
    component={
      Object {
        "$$typeof": Symbol(react.lazy),
        "_ctor": [Function],
        "_result": null,
        "_status": -1,
      }
    }
    path="/login"
  />
  <Route
    render={[Function]}
  />
</Switch>
`;
