// Jest Snapshot v1, https://goo.gl/fbAQLP

exports[`rendering <Formik> form elements should match layout 1`] = `
<form
  onSubmit={[MockFunction]}
>
  <Stack
    alignItems="stretch"
    scale="m"
  >
    <TextSubheadline
      elementType="h3"
    >
      <FormattedMessage
        defaultMessage="Sign in to your Organization"
        id="Login.sso.title"
        values={Object {}}
      />
    </TextSubheadline>
    <TextField
      hint="Login.sso.caseSensitive"
      horizontalConstraint="scale"
      isAutofocussed={true}
      isDisabled={false}
      isRequired={true}
      name="organizationName"
      title="Login.sso.organization"
      value=""
    />
    <Inline
      alignItems="flexStart"
      scale="s"
    >
      <PrimaryButton
        isDisabled={false}
        isToggleButton={false}
        label="Login.sso.proceed"
        onClick={[MockFunction]}
        size="big"
        tone="primary"
      />
    </Inline>
  </Stack>
</form>
`;
