// Jest Snapshot v1, https://goo.gl/fbAQLP

exports[`rendering when loaded should match snapshot 1`] = `
<div
  className="react-select-wrapper"
  data-track-component="ProjectSwitch"
  data-track-event="click"
>
  <InjectIntl(SelectInput)
    backspaceRemovesValue={false}
    components={
      Object {
        "Option": [Function],
        "ValueContainer": [Function],
      }
    }
    isClearable={false}
    name="project-switcher"
    noOptionsMessage={[Function]}
    onChange={[Function]}
    options={
      Array [
        Object {
          "expiry": Object {
            "isActive": false,
          },
          "key": "key4",
          "label": "name4",
          "name": "name4",
          "suspension": Object {
            "isActive": false,
          },
          "value": "key4",
        },
        Object {
          "expiry": Object {
            "isActive": false,
          },
          "key": "key2",
          "label": "name2",
          "name": "name2",
          "suspension": Object {
            "isActive": false,
          },
          "value": "key2",
        },
        Object {
          "expiry": Object {
            "isActive": false,
          },
          "key": "key1",
          "label": "name1",
          "name": "name1",
          "suspension": Object {
            "isActive": false,
          },
          "value": "key1",
        },
        Object {
          "expiry": Object {
            "isActive": false,
          },
          "key": "key3",
          "label": "name3",
          "name": "name3",
          "suspension": Object {
            "isActive": false,
          },
          "value": "key3",
        },
      ]
    }
    value="key1"
  />
</div>
`;
