// Jest Snapshot v1, https://goo.gl/fbAQLP

exports[`rendering should match tree 1`] = `
<PublicPageContainer>
  <LoginBox>
    <form
      className="form"
      method="post"
      onChange={[Function]}
      onSubmit={[Function]}
    >
      <fieldset
        className="fieldset"
      >
        <Stack
          alignItems="stretch"
          scale="m"
        >
          <legend
            className="title"
          >
            <Title>
              <FormattedMessage
                defaultMessage="Sign in to your account"
                description="The title message for the login form"
                id="LoginForm.title"
                values={Object {}}
              />
            </Title>
          </legend>
          <Stack
            alignItems="stretch"
            scale="m"
          >
            <Stack
              alignItems="stretch"
              scale="s"
            >
              <label
                className="label"
                htmlFor="email"
              >
                <FormattedMessage
                  defaultMessage="Email"
                  description="The label for the login input field (email)"
                  id="LoginForm.email"
                  values={Object {}}
                />
              </label>
              <input
                className="input-text"
                name="email"
                onKeyDown={[Function]}
                type="text"
              />
            </Stack>
            <Stack
              alignItems="stretch"
              scale="s"
            >
              <label
                className="label"
                htmlFor="password"
              >
                <FormattedMessage
                  defaultMessage="Password"
                  description="The label for the login input field (password)"
                  id="LoginForm.password"
                  values={Object {}}
                />
              </label>
              <input
                className="input-text"
                name="password"
                onKeyDown={[Function]}
                type="password"
              />
            </Stack>
          </Stack>
          <div>
            <PrimaryButton
              isToggleButton={false}
              label="LoginForm.signin"
              onClick={[Function]}
              size="big"
              tone="primary"
            />
          </div>
          <Contdown
            isDisabled={false}
            redirectTo={[Function]}
          >
            <Component />
          </Contdown>
        </Stack>
      </fieldset>
    </form>
  </LoginBox>
</PublicPageContainer>
`;
