// Jest Snapshot v1, https://goo.gl/fbAQLP

exports[`rendering should match snapshot 1`] = `
<ConfigureFlopflip
  adapter={
    Object {
      "configure": [Function],
      "getFlag": [Function],
      "getIsReady": [Function],
      "reconfigure": [Function],
      "updateUserContext": [Function],
    }
  }
  adapterArgs={
    Object {
      "clientSideId": "5979d95f6040390cd07b5e00",
      "user": Object {
        "custom": Object {
          "group": "ct",
          "id": "123",
          "project": "test-project-key",
          "team": Array [
            "abc",
            "def",
          ],
          "tenant": "xy",
        },
        "key": "u1",
      },
    }
  }
  defaultFlags={
    Object {
      "flagA": true,
    }
  }
  shouldDeferAdapterConfiguration={false}
>
  <div />
</ConfigureFlopflip>
`;
